// Jest Snapshot v1, https://jestjs.io/docs/snapshot-testing

exports[`Tailwind class inventory (public/**/*.{html,js}) snapshots the sorted unique set of class tokens in use 1`] = `
[
  "-right-2",
  "-top-2",
  "-translate-x-1/2",
  "0",
  "1",
  "100",
  "Boolean(isActive",
  "absolute",
  "accent-blue-500",
  "accent-blue-600",
  "acct",
  "active",
  "active-color",
  "active-monochrome",
  "active:bg-gray-600",
  "activeClass",
  "add-device-library-card",
  "align-top",
  "alpha-filter-btn",
  "anim",
  "animate-pulse",
  "animate-spin",
  "app-title-riso",
  "aspect-2/3",
  "backdrop-blur",
  "backdrop-blur-md",
  "backdrop-blur-xs",
  "bg-[#13171f]",
  "bg-[#FF5E5B]",
  "bg-amber-400",
  "bg-amber-500",
  "bg-amber-500/20",
  "bg-amber-500/90",
  "bg-amber-600",
  "bg-amber-900/10",
  "bg-amber-900/60",
  "bg-amber-950/40",
  "bg-amber-950/60",
  "bg-black",
  "bg-black/20",
  "bg-black/30",
  "bg-black/50",
  "bg-black/60",
  "bg-black/70",
  "bg-black/80",
  "bg-black/85",
  "bg-blue-600",
  "bg-blue-600/20",
  "bg-blue-700",
  "bg-blue-900/40",
  "bg-blue-900/60",
  "bg-blue-950/60",
  "bg-emerald-400",
  "bg-emerald-900/60",
  "bg-gray-500",
  "bg-gray-600",
  "bg-gray-700",
  "bg-gray-700/50",
  "bg-gray-700/60",
  "bg-gray-700/80",
  "bg-gray-800",
  "bg-gray-800/50",
  "bg-gray-800/60",
  "bg-gray-800/80",
  "bg-gray-900",
  "bg-gray-900/40",
  "bg-gray-900/50",
  "bg-gray-900/60",
  "bg-gray-900/75",
  "bg-gray-900/80",
  "bg-gray-900/90",
  "bg-gray-900/95",
  "bg-gray-950",
  "bg-gray-950/80",
  "bg-green-400",
  "bg-green-500",
  "bg-green-600",
  "bg-green-900/50",
  "bg-green-900/60",
  "bg-linear-to-r",
  "bg-linear-to-t",
  "bg-orange-600",
  "bg-purple-600",
  "bg-purple-600/10",
  "bg-purple-600/20",
  "bg-purple-600/40",
  "bg-purple-900/10",
  "bg-purple-900/40",
  "bg-purple-900/60",
  "bg-purple-950/60",
  "bg-red-600",
  "bg-red-600/20",
  "bg-red-600/80",
  "bg-red-900/10",
  "bg-red-900/50",
  "bg-red-900/60",
  "bg-transparent",
  "bg-yellow-500",
  "bg-yellow-600",
  "block",
  "border",
  "border-0",
  "border-2",
  "border-amber-500",
  "border-amber-500/30",
  "border-amber-500/40",
  "border-amber-500/50",
  "border-amber-700/50",
  "border-amber-700/60",
  "border-b",
  "border-blue-500/30",
  "border-blue-700/50",
  "border-blue-700/60",
  "border-blue-800",
  "border-blue-900/50",
  "border-dashed",
  "border-emerald-700/50",
  "border-gray-500",
  "border-gray-600",
  "border-gray-700",
  "border-gray-700/30",
  "border-gray-700/40",
  "border-gray-700/50",
  "border-gray-700/60",
  "border-gray-800",
  "border-gray-800/20",
  "border-gray-800/30",
  "border-green-500",
  "border-green-700",
  "border-green-700/50",
  "border-purple-500/20",
  "border-purple-500/30",
  "border-purple-500/60",
  "border-purple-700/50",
  "border-purple-700/60",
  "border-red-500/20",
  "border-red-500/30",
  "border-red-600/30",
  "border-red-700",
  "border-red-700/50",
  "border-red-900/40",
  "border-t",
  "border-white/10",
  "border-white/5",
  "bottom-0",
  "bottom-16",
  "bottom-2",
  "bottom-20",
  "bottom-24",
  "break-all",
  "brutalist-btn",
  "btn-cream",
  "btn-cyan",
  "btn-ink",
  "btn-purple",
  "btn-vermilion",
  "btn-yellow",
  "busy",
  "cancel",
  "card-count-chip",
  "card-counts",
  "children-container",
  "cinema-img",
  "cinema-stage",
  "col-span-2",
  "col-span-full",
  "comic-card",
  "comic-context-menu",
  "comic-context-menu-item",
  "comic-cover-image",
  "comic-page-grid-backdrop",
  "comic-page-grid-close",
  "comic-page-grid-count",
  "comic-page-grid-header",
  "comic-page-grid-icon",
  "comic-page-grid-items",
  "comic-page-grid-modal",
  "comic-page-grid-overlay",
  "comic-page-grid-scroll",
  "comic-page-grid-title",
  "comic-page-grid-title-group",
  "comic-page-preview-card",
  "comic-page-preview-img",
  "comic-page-preview-number",
  "comic-page-preview-thumb-wrap",
  "comic-summary-content",
  "comic-summary-toggle",
  "container",
  "context-menu-overlay",
  "continuous-mode-btn",
  "count-badge",
  "ct-log-line",
  "ct-log-separator",
  "ct-match-select",
  "ct-pending",
  "cursor-pointer",
  "cvActive",
  "delete-comic-btn",
  "delete-download-btn",
  "delete-list-btn",
  "desktop-only-control",
  "device-remove-btn",
  "disabled:bg-gray-600",
  "disabled:cursor-not-allowed",
  "disabled:opacity-40",
  "disabled:opacity-50",
  "dl-action",
  "dl-batch-bar",
  "dl-batch-btn",
  "dl-icon",
  "dl-queue-container",
  "dl-retry-all-bar",
  "dl-retry-all-btn",
  "dl-tab",
  "dl-tab-empty",
  "dl-tabs",
  "download-btn",
  "download-comic-btn",
  "download-list-btn",
  "download-queue-scroll",
  "duration-200",
  "duration-300",
  "duration-500",
  "ease-out",
  "eink-color-mode",
  "eink-mode",
  "empty-icon",
  "empty-state",
  "empty-state-dl",
  "empty-state-icon",
  "empty-state-message",
  "empty-subtitle",
  "empty-title",
  "fade-out",
  "filter-btn",
  "fixed",
  "flex",
  "flex-1",
  "flex-[1.5]",
  "flex-col",
  "flex-row",
  "flex-wrap",
  "focus:border-amber-500",
  "focus:border-blue-500",
  "focus:border-green-500",
  "focus:border-purple-500",
  "focus:outline-none",
  "focus:ring-0",
  "focus:ring-1",
  "focus:ring-2",
  "focus:ring-blue-500",
  "focus:ring-green-500",
  "focus:ring-offset-0",
  "focus:ring-purple-500",
  "focus:ring-red-500",
  "focus:ring-yellow-500",
  "folder-card",
  "folderRules.hierarchy.length",
  "font-bold",
  "font-medium",
  "font-mono",
  "font-normal",
  "font-semibold",
  "from-black/80",
  "from-blue-500",
  "from-blue-900/30",
  "from-green-900/30",
  "from-purple-500",
  "from-purple-900/30",
  "from-red-900/30",
  "full-image-mode",
  "fullscreen-close-button",
  "fullscreen-close-small",
  "fullscreen-controls",
  "fullscreen-fit-mode",
  "fullscreen-image",
  "fullscreen-info-bar",
  "fullscreen-nav",
  "fullscreen-nav-button",
  "fullscreen-page-counter-button",
  "fullscreen-page-counter-wrapper",
  "fullscreen-page-jump-input",
  "fullscreen-progress-indicator",
  "fullscreen-title",
  "fullscreen-viewer",
  "gap-1",
  "gap-1.5",
  "gap-2",
  "gap-2.5",
  "gap-3",
  "gap-4",
  "gap-6",
  "gap-8",
  "gap-px",
  "gap-x-2",
  "gap-y-0.5",
  "gap-y-1",
  "global.isFitToHeight",
  "grid",
  "grid-cols-1",
  "grid-cols-2",
  "grid-cols-3",
  "group",
  "group-hover:-translate-x-1",
  "group-hover:bg-purple-900/30",
  "group-hover:opacity-100",
  "group-hover:scale-105",
  "group-hover:scale-110",
  "group-hover:text-purple-300",
  "group-hover:text-purple-400",
  "group-hover:text-white",
  "grow",
  "guided-img",
  "guided-stage",
  "guided-zoom-no-touchmenu",
  "h-1",
  "h-1.5",
  "h-10",
  "h-12",
  "h-14",
  "h-16",
  "h-2",
  "h-3",
  "h-3.5",
  "h-32",
  "h-4",
  "h-48",
  "h-5",
  "h-56",
  "h-6",
  "h-64",
  "h-8",
  "h-96",
  "h-auto",
  "h-full",
  "ha",
  "handle",
  "has-controls-open",
  "hasProgress",
  "header-actions",
  "hidden",
  "hover:bg-[#ff7674]",
  "hover:bg-amber-400",
  "hover:bg-amber-500/40",
  "hover:bg-amber-700",
  "hover:bg-amber-900/80",
  "hover:bg-black",
  "hover:bg-black/80",
  "hover:bg-blue-500",
  "hover:bg-blue-500/10",
  "hover:bg-blue-600/40",
  "hover:bg-blue-700",
  "hover:bg-blue-800",
  "hover:bg-blue-900/80",
  "hover:bg-gray-500",
  "hover:bg-gray-600",
  "hover:bg-gray-700",
  "hover:bg-gray-750",
  "hover:bg-gray-800",
  "hover:bg-gray-800/80",
  "hover:bg-gray-850",
  "hover:bg-green-500/10",
  "hover:bg-green-700",
  "hover:bg-orange-700",
  "hover:bg-purple-500",
  "hover:bg-purple-600/60",
  "hover:bg-purple-700",
  "hover:bg-purple-900/80",
  "hover:bg-red-500",
  "hover:bg-red-500/10",
  "hover:bg-red-600",
  "hover:bg-red-700",
  "hover:bg-red-800",
  "hover:bg-yellow-700",
  "hover:border-gray-500",
  "hover:border-purple-400",
  "hover:border-purple-500",
  "hover:border-purple-500/30",
  "hover:border-purple-500/50",
  "hover:border-purple-500/60",
  "hover:brightness-110",
  "hover:opacity-80",
  "hover:scale-110",
  "hover:shadow-2xl",
  "hover:shadow-blue-900/20",
  "hover:shadow-blue-900/40",
  "hover:shadow-green-900/20",
  "hover:shadow-green-900/40",
  "hover:shadow-lg",
  "hover:shadow-purple-900/40",
  "hover:shadow-red-900/20",
  "hover:shadow-red-900/40",
  "hover:text-blue-400",
  "hover:text-gray-200",
  "hover:text-gray-300",
  "hover:text-gray-400",
  "hover:text-green-400",
  "hover:text-purple-300",
  "hover:text-red-300",
  "hover:text-red-400",
  "hover:text-red-700",
  "hover:text-white",
  "hover:text-yellow-300",
  "hover:underline",
  "in-progress",
  "inactiveClass",
  "inline",
  "inline-block",
  "inline-flex",
  "inset-0",
  "inset-x-0",
  "is-editing",
  "is-offline",
  "isActive",
  "isAllActive",
  "isListEditMode",
  "isOffline",
  "isPageJumpInputOpen",
  "italic",
  "item",
  "item-list",
  "item-name",
  "item-status",
  "item-top",
  "items-baseline",
  "items-center",
  "items-end",
  "items-start",
  "items-stretch",
  "justify-between",
  "justify-center",
  "justify-end",
  "leading-none",
  "leading-relaxed",
  "leading-snug",
  "leading-tight",
  "left",
  "left-0",
  "left-1/2",
  "left-2",
  "left-4",
  "level-down-btn",
  "level-remove-btn",
  "level-up-btn",
  "lg:grid-cols-5",
  "lib-toggle-manga",
  "lib-toggle-scroll",
  "line-clamp-2",
  "line-clamp-3",
  "live",
  "loading",
  "log-entry",
  "logo-compact",
  "logo-container",
  "logo-exclamation",
  "manga-mode-btn",
  "mangaComics.length",
  "mark-read-btn",
  "matchingLists.length",
  "max-h-48",
  "max-h-64",
  "max-h-96",
  "max-h-[450px]",
  "max-h-[500px]",
  "max-h-[50vh]",
  "max-h-[75vh]",
  "max-h-[90vh]",
  "max-w-2xl",
  "max-w-3xl",
  "max-w-4xl",
  "max-w-[10rem]",
  "max-w-[90vw]",
  "max-w-[calc(100vw-2rem)]",
  "max-w-full",
  "max-w-lg",
  "max-w-md",
  "max-w-sm",
  "max-w-xs",
  "mb-1",
  "mb-1.5",
  "mb-2",
  "mb-3",
  "mb-4",
  "mb-6",
  "md:col-span-2",
  "md:flex-row",
  "md:grid-cols-2",
  "md:grid-cols-3",
  "md:grid-cols-4",
  "md:hidden",
  "md:items-start",
  "md:space-x-6",
  "md:space-y-0",
  "metadata-sub-hidden",
  "min-h-[200px]",
  "min-h-[220px]",
  "min-h-[250px]",
  "min-h-[44px]",
  "min-w-0",
  "min-w-[120px]",
  "min-w-[140px]",
  "min-w-[180px]",
  "min-w-[44px]",
  "ml-1",
  "ml-14",
  "ml-2",
  "ml-4",
  "ml-6",
  "ml-auto",
  "modal-close-btn",
  "modal-count",
  "modal-header",
  "modal-title",
  "mr-1",
  "mr-2",
  "mr-3",
  "mt-0.5",
  "mt-1",
  "mt-1.5",
  "mt-2",
  "mt-3",
  "mt-4",
  "mt-6",
  "mt-8",
  "mx-4",
  "mx-auto",
  "my-1",
  "namingRules.tokens.length",
  "newVal",
  "nonMangaComics.length",
  "object-contain",
  "object-cover",
  "on",
  "opacity-0",
  "opacity-20",
  "opacity-25",
  "opacity-50",
  "opacity-60",
  "opacity-70",
  "opacity-75",
  "opacity-90",
  "orientation-landscape",
  "outline-none",
  "overflow-auto",
  "overflow-hidden",
  "overflow-x-auto",
  "overflow-x-hidden",
  "overflow-y-auto",
  "p-0.5",
  "p-1",
  "p-1.5",
  "p-2",
  "p-2.5",
  "p-3",
  "p-4",
  "p-5",
  "p-6",
  "p-8",
  "page-container",
  "page-count-badge",
  "page-counter-button",
  "page-counter-hidden",
  "page-counter-wrapper",
  "page-jump-input",
  "pb-12",
  "pb-2",
  "pb-3",
  "pill-button",
  "pill-label",
  "pl-0",
  "pl-14",
  "pl-2",
  "pl-2.5",
  "pl-3",
  "pl-6",
  "pl-9",
  "placeholder-gray-400",
  "placeholder-gray-500",
  "play-list-btn",
  "pointer-events-none",
  "pr-1",
  "pr-2",
  "pr-3",
  "pr-4",
  "pr-8",
  "progressPercent",
  "pt-1",
  "pt-2",
  "pt-3",
  "pt-4",
  "pubNamesWithLists.length",
  "publisher-card",
  "px-1",
  "px-1.5",
  "px-2",
  "px-2.5",
  "px-3",
  "px-3.5",
  "px-4",
  "px-5",
  "px-6",
  "px-8",
  "py-0.5",
  "py-1",
  "py-1.5",
  "py-10",
  "py-2",
  "py-2.5",
  "py-3",
  "py-4",
  "py-8",
  "read",
  "read-toggle-btn",
  "reading-list",
  "reading-list-card",
  "reading-list-hotlink",
  "relative",
  "remove-device-lib",
  "remove-library-btn",
  "reorder-down-btn",
  "reorder-up-btn",
  "right",
  "right-0",
  "right-1",
  "right-2",
  "right-4",
  "ring-1",
  "ring-white/10",
  "rotate-180",
  "rounded",
  "rounded-2xl",
  "rounded-b-lg",
  "rounded-full",
  "rounded-lg",
  "rounded-t",
  "rounded-xl",
  "scale-95",
  "scrollbar-thin",
  "scrollbar-thumb-gray-600",
  "scrollbar-thumb-purple-600/50",
  "scrollbar-track-gray-800",
  "scrollbar-track-transparent",
  "search-by-select",
  "search-clear-btn",
  "search-input-wrapper",
  "select-all",
  "select-none",
  "self-center",
  "self-start",
  "series-card",
  "series-year",
  "shadow",
  "shadow-2xl",
  "shadow-inner",
  "shadow-lg",
  "shadow-md",
  "shadow-xl",
  "shadow-xs",
  "shrink-0",
  "skeleton-card",
  "skeleton-img",
  "skeleton-line",
  "sm:bottom-8",
  "sm:bottom-auto",
  "sm:col-span-2",
  "sm:flex-initial",
  "sm:flex-none",
  "sm:flex-row",
  "sm:gap-3",
  "sm:grid-cols-2",
  "sm:grid-cols-3",
  "sm:grid-cols-4",
  "sm:grid-cols-5",
  "sm:h-auto",
  "sm:hidden",
  "sm:inline",
  "sm:items-center",
  "sm:justify-between",
  "sm:justify-end",
  "sm:left-8",
  "sm:max-h-[90vh]",
  "sm:max-w-[16rem]",
  "sm:max-w-lg",
  "sm:max-w-md",
  "sm:p-3",
  "sm:p-5",
  "sm:p-6",
  "sm:p-8",
  "sm:pl-10",
  "sm:pl-14",
  "sm:pl-3",
  "sm:px-4",
  "sm:px-6",
  "sm:right-8",
  "sm:self-auto",
  "sm:space-x-2",
  "sm:text-2xl",
  "sm:text-base",
  "sm:text-lg",
  "sm:text-sm",
  "sm:top-8",
  "sm:w-44",
  "sm:w-auto",
  "sm:wrap-break-word",
  "smart-filter-mount",
  "space-x-2",
  "space-x-3",
  "space-x-4",
  "space-y-1",
  "space-y-1.5",
  "space-y-2",
  "space-y-3",
  "space-y-4",
  "space-y-5",
  "space-y-6",
  "space-y-8",
  "status",
  "status-banner",
  "status-dot",
  "status-in-progress",
  "status-manga",
  "status-read",
  "status-toggle-btn",
  "sticky",
  "sync-active",
  "sync-notice",
  "sync-warning",
  "tab-button",
  "text-2xl",
  "text-3xl",
  "text-4xl",
  "text-[10px]",
  "text-[11px]",
  "text-amber-200",
  "text-amber-300",
  "text-amber-400",
  "text-amber-500",
  "text-base",
  "text-black",
  "text-blue-300",
  "text-blue-400",
  "text-blue-500",
  "text-blue-600",
  "text-center",
  "text-cream",
  "text-emerald-300",
  "text-emerald-400",
  "text-gray-100",
  "text-gray-200",
  "text-gray-300",
  "text-gray-400",
  "text-gray-500",
  "text-gray-600",
  "text-green-300",
  "text-green-400",
  "text-green-600",
  "text-lg",
  "text-md",
  "text-purple-100",
  "text-purple-300",
  "text-purple-400",
  "text-purple-500",
  "text-purple-600",
  "text-red-300",
  "text-red-400",
  "text-red-500",
  "text-right",
  "text-sm",
  "text-teal-300",
  "text-vermilion",
  "text-white",
  "text-xl",
  "text-xs",
  "text-yellow-400",
  "text-yellow-500",
  "text-yellow-600",
  "thumb",
  "to-blue-900/30",
  "to-cyan-900/30",
  "to-emerald-900/30",
  "to-indigo-500",
  "to-purple-900/30",
  "to-red-900/30",
  "to-transparent",
  "toggle",
  "token-down-btn",
  "token-enable-cb",
  "token-mand-cb",
  "token-up-btn",
  "top-0",
  "top-1",
  "top-2",
  "top-4",
  "track",
  "tracking-tight",
  "tracking-tighter",
  "tracking-wide",
  "tracking-wider",
  "tracking-widest",
  "transform",
  "transition-all",
  "transition-colors",
  "transition-opacity",
  "transition-transform",
  "truncate",
  "underline",
  "unread",
  "uppercase",
  "user-access-title",
  "user-card",
  "user-impersonate-btn",
  "user-permissions-btn",
  "user-stats-btn",
  "view-mode-btn",
  "view-title",
  "viewer-container",
  "viewer-image",
  "w-1",
  "w-1/2",
  "w-10",
  "w-12",
  "w-16",
  "w-2",
  "w-24",
  "w-3",
  "w-3.5",
  "w-3/4",
  "w-32",
  "w-36",
  "w-4",
  "w-40",
  "w-5",
  "w-6",
  "w-8",
  "w-96",
  "w-[22rem]",
  "w-[500px]",
  "w-full",
  "whitespace-nowrap",
  "whitespace-pre-wrap",
  "wrap-break-word",
  "xl:grid-cols-3",
  "xl:grid-cols-6",
  "z-10",
  "z-20",
  "z-30",
  "z-40",
  "z-50",
  "z-9999",
]
`;
